{
    "test notebook - stub - [qmd:r]": {
        "content": [
            {
                "0": [
                    [
                        {
                            "id": "test"
                        },
                        "test.html:md5,d41d8cd98f00b204e9800998ecf8427e"
                    ]
                ],
                "1": [
                    [
                        {
                            "id": "test"
                        },
                        "quarto_r.qmd:md5,b3fa8b456efae62495c0b278a4f7694c"
                    ]
                ],
                "2": [
                    
                ],
                "3": [
                    
                ],
                "4": [
                    
                ],
                "5": [
                    "versions.yml:md5,ffc26b6a27e3d215b616594faba5c2a9"
                ],
                "artifacts": [
                    
                ],
                "extensions": [
                    
                ],
                "html": [
                    [
                        {
                            "id": "test"
                        },
                        "test.html:md5,d41d8cd98f00b204e9800998ecf8427e"
                    ]
                ],
                "notebook": [
                    [
                        {
                            "id": "test"
                        },
                        "quarto_r.qmd:md5,b3fa8b456efae62495c0b278a4f7694c"
                    ]
                ],
                "params_yaml": [
                    
                ],
                "versions": [
                    "versions.yml:md5,ffc26b6a27e3d215b616594faba5c2a9"
                ]
            }
        ],
        "meta": {
            "nf-test": "0.9.2",
            "nextflow": "24.10.0"
        },
        "timestamp": "2024-11-16T13:53:41.964249"
    },
    "test notebook - [qmd:r]": {
        "content": [
            {
                "0": [
                    [
                        {
                            "id": "test"
                        },
                        "test.html:md5,e3fef791465073d435d0597a34e828d8"
                    ]
                ],
                "1": [
                    [
                        {
                            "id": "test"
                        },
                        "quarto_r.qmd:md5,b3fa8b456efae62495c0b278a4f7694c"
                    ]
                ],
                "2": [
                    
                ],
                "3": [
                    
                ],
                "4": [
                    
                ],
                "5": [
                    "versions.yml:md5,cb29d1dcc3f1531b5b219f5147739463"
                ],
                "artifacts": [
                    
                ],
                "extensions": [
                    
                ],
                "html": [
                    [
                        {
                            "id": "test"
                        },
                        "test.html:md5,e3fef791465073d435d0597a34e828d8"
                    ]
                ],
                "notebook": [
                    [
                        {
                            "id": "test"
                        },
                        "quarto_r.qmd:md5,b3fa8b456efae62495c0b278a4f7694c"
                    ]
                ],
                "params_yaml": [
                    
                ],
                "versions": [
                    "versions.yml:md5,cb29d1dcc3f1531b5b219f5147739463"
                ]
            }
        ],
        "meta": {
            "nf-test": "0.9.2",
            "nextflow": "25.04.2"
        },
        "timestamp": "2025-06-05T09:01:09.067788"
    },
    "test notebook - parametrized - [qmd:python]": {
        "content": [
            [
                [
                    {
                        "id": "test"
                    },
                    "artifact.txt:md5,8ddd8be4b179a529afa5f2ffae4b9858"
                ]
            ],
            [
                [
                    {
                        "id": "test"
                    },
                    "params.yml:md5,efd62bc975f429e8749ba787a93042dd"
                ]
            ],
            {
                "QUARTONOTEBOOK": {
                    "quarto": "1.5.57",
                    "papermill": "2.4.0"
                }
            }
        ],
        "meta": {
            "nf-test": "0.9.2",
            "nextflow": "24.10.0"
        },
        "timestamp": "2024-11-16T14:11:57.879957"
    },
    "test notebook - parametrized - [rmd]": {
        "content": [
            {
                "0": [
                    [
                        {
                            "id": "test"
                        },
                        "test.html:md5,423772071657c5d3c89493fd4e255f48"
                    ]
                ],
                "1": [
                    [
                        {
                            "id": "test"
                        },
                        "rmarkdown_notebook.Rmd:md5,1f5e4efbb41fd499b23c5bea2fc32e68"
                    ]
                ],
                "2": [
                    [
                        {
                            "id": "test"
                        },
                        "artifact.txt:md5,b10a8db164e0754105b7a99be72e3fe5"
                    ]
                ],
                "3": [
                    [
                        {
                            "id": "test"
                        },
                        "params.yml:md5,efd62bc975f429e8749ba787a93042dd"
                    ]
                ],
                "4": [
                    
                ],
                "5": [
                    "versions.yml:md5,cb29d1dcc3f1531b5b219f5147739463"
                ],
                "artifacts": [
                    [
                        {
                            "id": "test"
                        },
                        "artifact.txt:md5,b10a8db164e0754105b7a99be72e3fe5"
                    ]
                ],
                "extensions": [
                    
                ],
                "html": [
                    [
                        {
                            "id": "test"
                        },
                        "test.html:md5,423772071657c5d3c89493fd4e255f48"
                    ]
                ],
                "notebook": [
                    [
                        {
                            "id": "test"
                        },
                        "rmarkdown_notebook.Rmd:md5,1f5e4efbb41fd499b23c5bea2fc32e68"
                    ]
                ],
                "params_yaml": [
                    [
                        {
                            "id": "test"
                        },
                        "params.yml:md5,efd62bc975f429e8749ba787a93042dd"
                    ]
                ],
                "versions": [
                    "versions.yml:md5,cb29d1dcc3f1531b5b219f5147739463"
                ]
            }
        ],
        "meta": {
            "nf-test": "0.9.2",
            "nextflow": "24.10.0"
        },
        "timestamp": "2024-11-16T13:53:28.301993"
    },
    "test notebook - parametrized - [ipynb]": {
        "content": [
            {
                "0": [
                    [
                        {
                            "id": "test"
                        },
                        "test.html:md5,69914f2a054bb4b4a8e953fef551883e"
                    ]
                ],
                "1": [
                    [
                        {
                            "id": "test"
                        },
                        "ipython_notebook.ipynb:md5,02a206bf6c66396827dd310e7443926d"
                    ]
                ],
                "2": [
                    
                ],
                "3": [
                    [
                        {
                            "id": "test"
                        },
                        "params.yml:md5,efd62bc975f429e8749ba787a93042dd"
                    ]
                ],
                "4": [
                    
                ],
                "5": [
                    "versions.yml:md5,cb29d1dcc3f1531b5b219f5147739463"
                ],
                "artifacts": [
                    
                ],
                "extensions": [
                    
                ],
                "html": [
                    [
                        {
                            "id": "test"
                        },
                        "test.html:md5,69914f2a054bb4b4a8e953fef551883e"
                    ]
                ],
                "notebook": [
                    [
                        {
                            "id": "test"
                        },
                        "ipython_notebook.ipynb:md5,02a206bf6c66396827dd310e7443926d"
                    ]
                ],
                "params_yaml": [
                    [
                        {
                            "id": "test"
                        },
                        "params.yml:md5,efd62bc975f429e8749ba787a93042dd"
                    ]
                ],
                "versions": [
                    "versions.yml:md5,cb29d1dcc3f1531b5b219f5147739463"
                ]
            }
        ],
        "meta": {
            "nf-test": "0.9.2",
            "nextflow": "25.04.2"
        },
        "timestamp": "2025-06-05T09:44:50.800951"
    },
    "test notebook - [qmd:python]": {
        "content": [
            [
                
            ],
            [
                
            ],
            {
                "QUARTONOTEBOOK": {
                    "quarto": "1.5.57",
                    "papermill": "2.4.0"
                }
            }
        ],
        "meta": {
            "nf-test": "0.9.2",
            "nextflow": "24.10.0"
        },
        "timestamp": "2024-11-16T14:11:31.953539"
    },
    "test notebook - parametrized - [qmd:r]": {
        "content": [
            {
                "0": [
                    [
                        {
                            "id": "test"
                        },
                        "test.html:md5,dd783af402a87fd0cb8ab6eec28621af"
                    ]
                ],
                "1": [
                    [
                        {
                            "id": "test"
                        },
                        "quarto_r.qmd:md5,b3fa8b456efae62495c0b278a4f7694c"
                    ]
                ],
                "2": [
                    [
                        {
                            "id": "test"
                        },
                        "artifact.txt:md5,b10a8db164e0754105b7a99be72e3fe5"
                    ]
                ],
                "3": [
                    [
                        {
                            "id": "test"
                        },
                        "params.yml:md5,efd62bc975f429e8749ba787a93042dd"
                    ]
                ],
                "4": [
                    
                ],
                "5": [
                    "versions.yml:md5,cb29d1dcc3f1531b5b219f5147739463"
                ],
                "artifacts": [
                    [
                        {
                            "id": "test"
                        },
                        "artifact.txt:md5,b10a8db164e0754105b7a99be72e3fe5"
                    ]
                ],
                "extensions": [
                    
                ],
                "html": [
                    [
                        {
                            "id": "test"
                        },
                        "test.html:md5,dd783af402a87fd0cb8ab6eec28621af"
                    ]
                ],
                "notebook": [
                    [
                        {
                            "id": "test"
                        },
                        "quarto_r.qmd:md5,b3fa8b456efae62495c0b278a4f7694c"
                    ]
                ],
                "params_yaml": [
                    [
                        {
                            "id": "test"
                        },
                        "params.yml:md5,efd62bc975f429e8749ba787a93042dd"
                    ]
                ],
                "versions": [
                    "versions.yml:md5,cb29d1dcc3f1531b5b219f5147739463"
                ]
            }
        ],
        "meta": {
            "nf-test": "0.9.2",
            "nextflow": "25.04.2"
        },
        "timestamp": "2025-06-05T09:47:13.035963"
    }
}